// Jest Snapshot v1, https://goo.gl/fbAQLP

exports[`matches snapshot 1`] = `
<DocumentFragment>
  <div
    class="Box"
    style="width: 50px; height: 50px; background-color: rgb(66, 66, 66);"
  >
    <button
      class="Box-remove-button"
    >
      X
    </button>
  </div>
</DocumentFragment>
`;
