// Jest Snapshot v1, https://goo.gl/fbAQLP

exports[`matches snapshot 1`] = `
<DocumentFragment>
  <form
    class="NewBoxForm"
  >
    <label
      for="width"
    >
      Box Width
    </label>
    <input
      id="width"
      name="width"
      placeholder="width"
      type="number"
      value="0"
    />
    <label
      for="height"
    >
      Box Height
    </label>
    <input
      id="height"
      name="height"
      placeholder="height"
      type="number"
      value="0"
    />
    <label
      for="color"
    >
      Box Color
    </label>
    <input
      class="NewBoxForm-color-picker"
      id="color"
      name="color"
      placeholder="color"
      type="color"
      value="#000000"
    />
    <button>
      New Box
    </button>
  </form>
</DocumentFragment>
`;
